// Jest Snapshot v1, https://goo.gl/fbAQLP

exports[`HistoryListView 렌더링 테스트 HistoryListView 렌더링 스냅샷 테스트 1`] = `
<RCTScrollView
  data={
    [
      {
        "photoUrl": "test",
      },
    ]
  }
  getItem={[Function]}
  getItemCount={[Function]}
  keyExtractor={[Function]}
  onContentSizeChange={[Function]}
  onLayout={[Function]}
  onMomentumScrollBegin={[Function]}
  onMomentumScrollEnd={[Function]}
  onScroll={[Function]}
  onScrollBeginDrag={[Function]}
  onScrollEndDrag={[Function]}
  removeClippedSubviews={false}
  renderItem={[Function]}
  scrollEventThrottle={0.0001}
  stickyHeaderIndices={[]}
  viewabilityConfigCallbackPairs={[]}
>
  <View>
    <View
      onFocusCapture={[Function]}
      onLayout={[Function]}
      style={null}
    >
      <View
        style={
          {
            "flexDirection": "row",
          }
        }
      >
        <View
          accessibilityState={
            {
              "busy": undefined,
              "checked": undefined,
              "disabled": undefined,
              "expanded": undefined,
              "selected": undefined,
            }
          }
          accessibilityValue={
            {
              "max": undefined,
              "min": undefined,
              "now": undefined,
              "text": undefined,
            }
          }
          accessible={true}
          collapsable={false}
          focusable={true}
          hitSlop={
            {
              "bottom": 0,
              "left": 0,
              "right": 0,
              "top": 0,
            }
          }
          onBlur={[Function]}
          onClick={[Function]}
          onFocus={[Function]}
          onResponderGrant={[Function]}
          onResponderMove={[Function]}
          onResponderRelease={[Function]}
          onResponderTerminate={[Function]}
          onResponderTerminationRequest={[Function]}
          onStartShouldSetResponder={[Function]}
          style={
            {
              "backgroundColor": undefined,
              "paddingHorizontal": undefined,
              "paddingVertical": undefined,
            }
          }
          testID="Button0"
        >
          <Image
            source={
              {
                "uri": "test",
              }
            }
            style={
              [
                undefined,
                {
                  "height": 375,
                  "width": 375,
                },
              ]
            }
          />
        </View>
      </View>
    </View>
  </View>
</RCTScrollView>
`;
