// Jest Snapshot v1, https://goo.gl/fbAQLP

exports[`버튼 테스트 1`] = `
<View
  accessible={true}
  collapsable={false}
  focusable={true}
  hitSlop={
    {
      "bottom": 0,
      "left": 0,
      "right": 0,
      "top": 0,
    }
  }
  onBlur={[Function]}
  onClick={[Function]}
  onFocus={[Function]}
  onResponderGrant={[Function]}
  onResponderMove={[Function]}
  onResponderRelease={[Function]}
  onResponderTerminate={[Function]}
  onResponderTerminationRequest={[Function]}
  onStartShouldSetResponder={[Function]}
  style={
    {
      "backgroundColor": undefined,
      "paddingHorizontal": undefined,
      "paddingVertical": undefined,
    }
  }
>
  <Text
    style={
      {
        "color": undefined,
        "fontSize": undefined,
      }
    }
  >
    TEST_BUTTON_03
  </Text>
</View>
`;
